// Jest Snapshot v1, https://goo.gl/fbAQLP

exports[`Success test cases for: ViewClientList component Snapshot test for  ViewClientList component Test to match the snapsot 1`] = `
<ClientList
  cmsData={
    Object {
      "actual": "Actuals",
      "actualCapitalized": "Actual",
      "actualDataHint": "Number of months of actual productivity data",
      "actualDataLabel": "Actual data",
      "assignToHint": "Only the person or team you assign this to will have access. Once you click 'Create' ,
  they will be sent email notifications asking them to fill in the data request.",
      "assignToLabel": "Assign to",
      "assignedTo": "Assigned to",
      "backLabel": "Back to clients",
      "briefHint": "Tell us in detail what this data request is for, max 4000 characters",
      "briefLabel": "Briefing",
      "cancel": "Cancel",
      "close": "Close",
      "complete": "Complete",
      "completeLabel": "Complete",
      "create": "Create",
      "createNewDataRequest": "Create new data request",
      "currentVersionText": "Current version",
      "datePlaceHolder": "Date",
      "delete": "Delete",
      "deleteButtonCancelMessage": "No, Cancel",
      "deleteButtonDeleteMessage": "Yes, Delete",
      "deletePopConfimationMessage": "Once deleted, this data request will no longer be available.",
      "deletePopUpConfirmation": "Are you sure you want to delete?",
      "deletePopUpDescription": "Once deleted, this data request will no longer be available.",
      "dueBy": "Due by",
      "dueDateHint": "Enter the date that you need this data request by",
      "dueDateLabel": "Due date",
      "edit": "Edit",
      "editDataRequest": "Edit data request",
      "editRequest": "Edit request",
      "emptyCompletedProductivityDatarequestCaption": "No Productivity data requests have been moved to this section yet.",
      "emptyLabel": "Create new data request",
      "emptyProductivityDatarequestCaption": "There are currently no active Productivity data requests",
      "forecast": "Forecast",
      "forecastCapitalized": "Forecast",
      "forecastDataHint": "Number of months of forecasted productivity data",
      "forecastDataLabel": "Forecast data",
      "labelFileTypeNotAllowed": "File must be of type .xls, .xlsx, .csv, .xlsb, .xlsm, .xlt, .xltm, .xltx",
      "lastUpdate": "Last Update",
      "loadMoreText": "Load more",
      "localMarketHint": "Choose the market you wish to create this data request for",
      "localMarketLabel": "Local market",
      "moveToComplete": "Move to complete",
      "moveToCompleteConfirmation": "Are you sure you want to move this to complete?",
      "moveToCompleteDescription": "You will not be able to make any more edits to this request unless it is moved back to \\"Ongoing\\".",
      "moveToOnGoing": "Move to ongoing",
      "nameHint": "Make sure it's clear to help others identify it.Max 255 characters",
      "nameLabel": "Data request name",
      "noCancel": "No, cancel",
      "ongoing": "Ongoing",
      "ongoingLabel": "Ongoing",
      "overdue": "Overdue",
      "popUpTitle": "Are you sure you want to delete?",
      "productivityDataRequested": "Productivity data requested",
      "productivityDatarequestCaption": " The ongoing and complete productivity data requests created for this client",
      "productivityDatarequestHeading": "Productivity data requests",
      "productivityRequest": "Productivity request",
      "reportingYear": "Reporting year",
      "reportingYearHint": "The reporting year this data request is for",
      "reportingYearLabel": "Reporting year",
      "save": "Save",
      "selectPlaceHolder": "Please select",
      "showMore": "Show more",
      "templateFileHint": "Only .xls, .xlsx, .csv, .xlsb, .xlsm, .xlt, .xltm, .xltx files in 20mb or less",
      "templateFileLabel": "Add tracker template file",
      "toastFileUploaded": "File uploaded",
      "toastMovedToComplete": "Data request moved to complete",
      "toastMovedToOngoing": "Data request moved to ongoing",
      "toastRequestCreated": "Data request created",
      "toastRequestDeleted": "Data request deleted",
      "toastRequestEdited": "Data request edited",
      "trackerTemplate": "Tracker template",
      "upload": "Upload",
      "uploadButtonText": "Upload new file",
      "uploadFileErrorMessage": "Upload tracker template",
      "uploadFileLabel": "To upload a new file,drag and drop you file below or browse using the link",
      "uploadFileLargeMessage": "File must be less than 20MB",
      "versionHistoryTitle": "Version history",
      "viewClientsCaption": "Choose the client you wish to view",
      "viewClientsHeading": "My clients",
      "viewDetails": "View details",
      "yesContinue": "Yes, continue",
      "yesDelete": "Yes, delete",
    }
  }
/>
`;
