// Jest Snapshot v1, https://goo.gl/fbAQLP

exports[`test cases for Table list should match snapshot 1`] = `
<Box
  mt="30px"
>
  <DeleteData
    deleteModalData={Object {}}
    handleDelete={[Function]}
    handleMoveToCompleteData={[Function]}
    moveToCompleteModelData={Object {}}
    setIsMoveToCompleteModel={[Function]}
    setModalOpen={[Function]}
  />
  <List
    filteredText=""
    filters={
      Array [
        Object {
          "defaultText": "All",
          "key": "totalTenure",
          "label": "Show",
          "options": Array [
            Object {
              "label": "2020 Q1",
              "value": "2020 Q1",
            },
            Object {
              "label": "2020 Q2",
              "value": "2020 Q2",
            },
            Object {
              "label": "2020 Q3",
              "value": "2020 Q3",
            },
            Object {
              "label": "2020 Q4",
              "value": "2020 Q4",
            },
          ],
          "type": "choice",
        },
      ]
    }
    isSearchable={true}
    items={
      Array [
        "test1",
        "test2",
        "test3",
      ]
    }
    onSearchChange={[Function]}
    renderItem={[Function]}
    rowText="result in total"
    rowsText="results in total"
    searchBy="client"
  />
</Box>
`;
