// Jest Snapshot v1, https://goo.gl/fbAQLP

exports[`Success test cases for: DeleteData component Snapshot test for  DeleteData component Test to match the snapsot 1`] = `
<Fragment>
  <ForwardRef
    isFullHeight={false}
    onClose={[Function]}
    width="500px"
  >
    <ForwardRef
      hasCloseButton={true}
      title="Are you sure you want to move this to complete?"
    />
    <ForwardRef>
      <p>
        You will not be able to make any more edits to this request unless it is moved back to "Ongoing".
      </p>
    </ForwardRef>
    <ForwardRef>
      <ForwardRef
        onClick={[Function]}
        variant="secondary"
      >
        No, cancel
      </ForwardRef>
      <ForwardRef
        onClick={[Function]}
      >
        Yes, continue
      </ForwardRef>
    </ForwardRef>
  </ForwardRef>
</Fragment>
`;
